// Jest Snapshot v1, https://goo.gl/fbAQLP

exports[`AdminNavbarDesktop Snapshot should match the snapshot 1`] = `
<DocumentFragment>
  <script
    nonce=""
  >
    ((e,s,n,m,o,l,u,h)=&gt;{let a=document.documentElement,v=["light","dark"];function p(c){(Array.isArray(e)?e:[e]).forEach(y=&gt;{let k=y==="class",S=k&&l?o.map(f=&gt;l[f]||f):o;k?(a.classList.remove(...S),a.classList.add(c)):a.setAttribute(y,c)}),C(c)}function C(c){h&&v.includes(c)&&(a.style.colorScheme=c)}function d(){return window.matchMedia("(prefers-color-scheme: dark)").matches?"dark":"light"}if(m)p(m);else try{let c=localStorage.getItem(s)||n,y=u&&c==="system"?d():c;p(y)}catch(c){}})("class","theme","system",null,["light","dark"],null,true,true)
  </script>
  <div
    class="css-efzgkz"
  >
    <div
      class="css-lhqv6a"
    >
      <div
        class="css-70qvj9"
      >
        <a
          class="chakra-link css-1sa6w8m"
          href="/admin/citas"
        >
          <svg
            class="lucide lucide-scissors"
            fill="none"
            height="32"
            stroke="currentColor"
            stroke-linecap="round"
            stroke-linejoin="round"
            stroke-width="2"
            viewBox="0 0 24 24"
            width="32"
            xmlns="http://www.w3.org/2000/svg"
          >
            <circle
              cx="6"
              cy="6"
              r="3"
            />
            <path
              d="M8.12 8.12 12 12"
            />
            <path
              d="M20 4 8.12 15.88"
            />
            <circle
              cx="6"
              cy="18"
              r="3"
            />
            <path
              d="M14.8 14.8 20 20"
            />
          </svg>
          <p
            class="css-2jpnh5"
          >
            Elegangster Admin
          </p>
        </a>
        <div
          class="css-1xaiisq"
        >
          <a
            class="chakra-link css-v6hlzi"
            href="/admin/citas"
          >
            <svg
              class="lucide lucide-calendar"
              fill="none"
              height="24"
              stroke="currentColor"
              stroke-linecap="round"
              stroke-linejoin="round"
              stroke-width="2"
              style="margin-right: 8px;"
              viewBox="0 0 24 24"
              width="24"
              xmlns="http://www.w3.org/2000/svg"
            >
              <path
                d="M8 2v4"
              />
              <path
                d="M16 2v4"
              />
              <rect
                height="18"
                rx="2"
                width="18"
                x="3"
                y="4"
              />
              <path
                d="M3 10h18"
              />
            </svg>
            Citas
          </a>
          <a
            class="chakra-link css-a3d9va"
            href="/admin/empleados"
          >
            <svg
              class="lucide lucide-users"
              fill="none"
              height="24"
              stroke="currentColor"
              stroke-linecap="round"
              stroke-linejoin="round"
              stroke-width="2"
              style="margin-right: 8px;"
              viewBox="0 0 24 24"
              width="24"
              xmlns="http://www.w3.org/2000/svg"
            >
              <path
                d="M16 21v-2a4 4 0 0 0-4-4H6a4 4 0 0 0-4 4v2"
              />
              <circle
                cx="9"
                cy="7"
                r="4"
              />
              <path
                d="M22 21v-2a4 4 0 0 0-3-3.87"
              />
              <path
                d="M16 3.13a4 4 0 0 1 0 7.75"
              />
            </svg>
            Empleados
          </a>
          <a
            class="chakra-link css-a3d9va"
            href="/admin/tratamientos"
          >
            <svg
              class="lucide lucide-scissors"
              fill="none"
              height="24"
              stroke="currentColor"
              stroke-linecap="round"
              stroke-linejoin="round"
              stroke-width="2"
              style="margin-right: 8px;"
              viewBox="0 0 24 24"
              width="24"
              xmlns="http://www.w3.org/2000/svg"
            >
              <circle
                cx="6"
                cy="6"
                r="3"
              />
              <path
                d="M8.12 8.12 12 12"
              />
              <path
                d="M20 4 8.12 15.88"
              />
              <circle
                cx="6"
                cy="18"
                r="3"
              />
              <path
                d="M14.8 14.8 20 20"
              />
            </svg>
            Tratamientos
          </a>
          <a
            class="chakra-link css-a3d9va"
            href="/admin/reportes"
          >
            <svg
              class="lucide lucide-chart-no-axes-column-increasing"
              fill="none"
              height="24"
              stroke="currentColor"
              stroke-linecap="round"
              stroke-linejoin="round"
              stroke-width="2"
              style="margin-right: 8px;"
              viewBox="0 0 24 24"
              width="24"
              xmlns="http://www.w3.org/2000/svg"
            >
              <line
                x1="12"
                x2="12"
                y1="20"
                y2="10"
              />
              <line
                x1="18"
                x2="18"
                y1="20"
                y2="4"
              />
              <line
                x1="6"
                x2="6"
                y1="20"
                y2="16"
              />
            </svg>
            Reportes
          </a>
        </div>
      </div>
      <button
        class="chakra-button css-17n3sdn"
        type="button"
      >
        <svg
          class="lucide lucide-log-out"
          fill="none"
          height="32"
          stroke="currentColor"
          stroke-linecap="round"
          stroke-linejoin="round"
          stroke-width="2"
          viewBox="0 0 24 24"
          width="32"
          xmlns="http://www.w3.org/2000/svg"
        >
          <path
            d="M9 21H5a2 2 0 0 1-2-2V5a2 2 0 0 1 2-2h4"
          />
          <polyline
            points="16 17 21 12 16 7"
          />
          <line
            x1="21"
            x2="9"
            y1="12"
            y2="12"
          />
        </svg>
        Salir
      </button>
    </div>
  </div>
</DocumentFragment>
`;
