// Jest Snapshot v1, https://goo.gl/fbAQLP

exports[`HomePage Snapshot should match the snapshot 1`] = `
<DocumentFragment>
  <script
    nonce=""
  >
    ((e,s,n,m,o,l,u,h)=&gt;{let a=document.documentElement,v=["light","dark"];function p(c){(Array.isArray(e)?e:[e]).forEach(y=&gt;{let k=y==="class",S=k&&l?o.map(f=&gt;l[f]||f):o;k?(a.classList.remove(...S),a.classList.add(c)):a.setAttribute(y,c)}),C(c)}function C(c){h&&v.includes(c)&&(a.style.colorScheme=c)}function d(){return window.matchMedia("(prefers-color-scheme: dark)").matches?"dark":"light"}if(m)p(m);else try{let c=localStorage.getItem(s)||n,y=u&&c==="system"?d():c;p(y)}catch(c){}})("class","theme","system",null,["light","dark"],null,true,true)
  </script>
  <form
    style="width: 100%;"
  >
    <div
      class="css-s6kjdg"
    >
      <fieldset
        class="fieldset__root css-1pplgli"
        data-part="root"
        data-scope="fieldset"
      >
        <div
          class="chakra-stack css-8g8ihq"
        >
          <legend
            class="fieldset__legend css-181jjb6"
            data-part="legend"
            data-scope="fieldset"
          >
            Datos del contacto
          </legend>
          <span
            class="fieldset__helperText css-a5zrz7"
            data-part="helper-text"
            data-scope="fieldset"
            id="fieldset:::r0:::helper-text"
          >
            Ingrese los datos del contacto para agendar una cita
          </span>
        </div>
        <div
          class="fieldset__content css-mpjbgj"
        >
          <div
            class="chakra-field__root css-13f87cb"
            data-part="root"
            data-scope="field"
            id="field:::r1:"
            role="group"
          >
            <label
              class="chakra-field__label css-65zcwe"
              data-part="label"
              data-scope="field"
              for=":r1:"
              id="field:::r1:::label"
            >
              Nombre
              <span
                aria-hidden="true"
                class="chakra-field__requiredIndicator css-gp8wgo"
              >
                *
              </span>
            </label>
            <input
              class="chakra-input css-6w9nzz"
              data-part="input"
              data-required=""
              data-scope="field"
              id=":r1:"
              name="name"
              placeholder="Juan"
              required=""
              type="text"
              value=""
            />
          </div>
          <div
            class="chakra-field__root css-13f87cb"
            data-part="root"
            data-scope="field"
            id="field:::r2:"
            role="group"
          >
            <label
              class="chakra-field__label css-65zcwe"
              data-part="label"
              data-scope="field"
              for=":r2:"
              id="field:::r2:::label"
            >
              Apellido
              <span
                aria-hidden="true"
                class="chakra-field__requiredIndicator css-gp8wgo"
              >
                *
              </span>
            </label>
            <input
              class="chakra-input css-6w9nzz"
              data-part="input"
              data-required=""
              data-scope="field"
              id=":r2:"
              name="lastname"
              placeholder="Torres"
              required=""
              type="text"
              value=""
            />
          </div>
          <div
            class="chakra-field__root css-13f87cb"
            data-part="root"
            data-scope="field"
            id="field:::r3:"
            role="group"
          >
            <label
              class="chakra-field__label css-65zcwe"
              data-part="label"
              data-scope="field"
              for=":r3:"
              id="field:::r3:::label"
            >
              Número de teléfono
              <span
                aria-hidden="true"
                class="chakra-field__requiredIndicator css-gp8wgo"
              >
                *
              </span>
            </label>
            <div
              class="PhoneInputInput PhoneInput"
              style="padding: 8px; font-size: 16px; border: 1px solid #ccc; border-radius: 4px; width: 100%;"
            >
              <div
                class="PhoneInputCountry"
              >
                <select
                  aria-label="Phone number country"
                  class="PhoneInputCountrySelect"
                >
                  <option
                    value="ZZ"
                  >
                    International
                  </option>
                  <option
                    value="AF"
                  >
                    Afghanistan
                  </option>
                  <option
                    value="AX"
                  >
                    Åland Islands
                  </option>
                  <option
                    value="AL"
                  >
                    Albania
                  </option>
                  <option
                    value="DZ"
                  >
                    Algeria
                  </option>
                  <option
                    value="AS"
                  >
                    American Samoa
                  </option>
                  <option
                    value="AD"
                  >
                    Andorra
                  </option>
                  <option
                    value="AO"
                  >
                    Angola
                  </option>
                  <option
                    value="AI"
                  >
                    Anguilla
                  </option>
                  <option
                    value="AG"
                  >
                    Antigua and Barbuda
                  </option>
                  <option
                    value="AR"
                  >
                    Argentina
                  </option>
                  <option
                    value="AM"
                  >
                    Armenia
                  </option>
                  <option
                    value="AW"
                  >
                    Aruba
                  </option>
                  <option
                    value="AC"
                  >
                    Ascension Island
                  </option>
                  <option
                    value="AU"
                  >
                    Australia
                  </option>
                  <option
                    value="AT"
                  >
                    Austria
                  </option>
                  <option
                    value="AZ"
                  >
                    Azerbaijan
                  </option>
                  <option
                    value="BS"
                  >
                    Bahamas
                  </option>
                  <option
                    value="BH"
                  >
                    Bahrain
                  </option>
                  <option
                    value="BD"
                  >
                    Bangladesh
                  </option>
                  <option
                    value="BB"
                  >
                    Barbados
                  </option>
                  <option
                    value="BY"
                  >
                    Belarus
                  </option>
                  <option
                    value="BE"
                  >
                    Belgium
                  </option>
                  <option
                    value="BZ"
                  >
                    Belize
                  </option>
                  <option
                    value="BJ"
                  >
                    Benin
                  </option>
                  <option
                    value="BM"
                  >
                    Bermuda
                  </option>
                  <option
                    value="BT"
                  >
                    Bhutan
                  </option>
                  <option
                    value="BO"
                  >
                    Bolivia
                  </option>
                  <option
                    value="BQ"
                  >
                    Bonaire, Sint Eustatius and Saba
                  </option>
                  <option
                    value="BA"
                  >
                    Bosnia and Herzegovina
                  </option>
                  <option
                    value="BW"
                  >
                    Botswana
                  </option>
                  <option
                    value="BR"
                  >
                    Brazil
                  </option>
                  <option
                    value="IO"
                  >
                    British Indian Ocean Territory
                  </option>
                  <option
                    value="BN"
                  >
                    Brunei Darussalam
                  </option>
                  <option
                    value="BG"
                  >
                    Bulgaria
                  </option>
                  <option
                    value="BF"
                  >
                    Burkina Faso
                  </option>
                  <option
                    value="BI"
                  >
                    Burundi
                  </option>
                  <option
                    value="KH"
                  >
                    Cambodia
                  </option>
                  <option
                    value="CM"
                  >
                    Cameroon
                  </option>
                  <option
                    value="CA"
                  >
                    Canada
                  </option>
                  <option
                    value="CV"
                  >
                    Cape Verde
                  </option>
                  <option
                    value="KY"
                  >
                    Cayman Islands
                  </option>
                  <option
                    value="CF"
                  >
                    Central African Republic
                  </option>
                  <option
                    value="TD"
                  >
                    Chad
                  </option>
                  <option
                    value="CL"
                  >
                    Chile
                  </option>
                  <option
                    value="CN"
                  >
                    China
                  </option>
                  <option
                    value="CX"
                  >
                    Christmas Island
                  </option>
                  <option
                    value="CC"
                  >
                    Cocos (Keeling) Islands
                  </option>
                  <option
                    value="CO"
                  >
                    Colombia
                  </option>
                  <option
                    value="KM"
                  >
                    Comoros
                  </option>
                  <option
                    value="CG"
                  >
                    Congo
                  </option>
                  <option
                    value="CD"
                  >
                    Congo, Democratic Republic of the
                  </option>
                  <option
                    value="CK"
                  >
                    Cook Islands
                  </option>
                  <option
                    value="CR"
                  >
                    Costa Rica
                  </option>
                  <option
                    value="CI"
                  >
                    Cote d'Ivoire
                  </option>
                  <option
                    value="HR"
                  >
                    Croatia
                  </option>
                  <option
                    value="CU"
                  >
                    Cuba
                  </option>
                  <option
                    value="CW"
                  >
                    Curaçao
                  </option>
                  <option
                    value="CY"
                  >
                    Cyprus
                  </option>
                  <option
                    value="CZ"
                  >
                    Czech Republic
                  </option>
                  <option
                    value="DK"
                  >
                    Denmark
                  </option>
                  <option
                    value="DJ"
                  >
                    Djibouti
                  </option>
                  <option
                    value="DM"
                  >
                    Dominica
                  </option>
                  <option
                    value="DO"
                  >
                    Dominican Republic
                  </option>
                  <option
                    value="EC"
                  >
                    Ecuador
                  </option>
                  <option
                    value="EG"
                  >
                    Egypt
                  </option>
                  <option
                    value="SV"
                  >
                    El Salvador
                  </option>
                  <option
                    value="GQ"
                  >
                    Equatorial Guinea
                  </option>
                  <option
                    value="ER"
                  >
                    Eritrea
                  </option>
                  <option
                    value="EE"
                  >
                    Estonia
                  </option>
                  <option
                    value="ET"
                  >
                    Ethiopia
                  </option>
                  <option
                    value="FK"
                  >
                    Falkland Islands
                  </option>
                  <option
                    value="FO"
                  >
                    Faroe Islands
                  </option>
                  <option
                    value="FM"
                  >
                    Federated States of Micronesia
                  </option>
                  <option
                    value="FJ"
                  >
                    Fiji
                  </option>
                  <option
                    value="FI"
                  >
                    Finland
                  </option>
                  <option
                    value="FR"
                  >
                    France
                  </option>
                  <option
                    value="GF"
                  >
                    French Guiana
                  </option>
                  <option
                    value="PF"
                  >
                    French Polynesia
                  </option>
                  <option
                    value="GA"
                  >
                    Gabon
                  </option>
                  <option
                    value="GM"
                  >
                    Gambia
                  </option>
                  <option
                    value="GE"
                  >
                    Georgia
                  </option>
                  <option
                    value="DE"
                  >
                    Germany
                  </option>
                  <option
                    value="GH"
                  >
                    Ghana
                  </option>
                  <option
                    value="GI"
                  >
                    Gibraltar
                  </option>
                  <option
                    value="GR"
                  >
                    Greece
                  </option>
                  <option
                    value="GL"
                  >
                    Greenland
                  </option>
                  <option
                    value="GD"
                  >
                    Grenada
                  </option>
                  <option
                    value="GP"
                  >
                    Guadeloupe
                  </option>
                  <option
                    value="GU"
                  >
                    Guam
                  </option>
                  <option
                    value="GT"
                  >
                    Guatemala
                  </option>
                  <option
                    value="GG"
                  >
                    Guernsey
                  </option>
                  <option
                    value="GN"
                  >
                    Guinea
                  </option>
                  <option
                    value="GW"
                  >
                    Guinea-Bissau
                  </option>
                  <option
                    value="GY"
                  >
                    Guyana
                  </option>
                  <option
                    value="HT"
                  >
                    Haiti
                  </option>
                  <option
                    value="VA"
                  >
                    Holy See (Vatican City State)
                  </option>
                  <option
                    value="HN"
                  >
                    Honduras
                  </option>
                  <option
                    value="HK"
                  >
                    Hong Kong
                  </option>
                  <option
                    value="HU"
                  >
                    Hungary
                  </option>
                  <option
                    value="IS"
                  >
                    Iceland
                  </option>
                  <option
                    value="IN"
                  >
                    India
                  </option>
                  <option
                    value="ID"
                  >
                    Indonesia
                  </option>
                  <option
                    value="IR"
                  >
                    Iran
                  </option>
                  <option
                    value="IQ"
                  >
                    Iraq
                  </option>
                  <option
                    value="IE"
                  >
                    Ireland
                  </option>
                  <option
                    value="IM"
                  >
                    Isle of Man
                  </option>
                  <option
                    value="IL"
                  >
                    Israel
                  </option>
                  <option
                    value="IT"
                  >
                    Italy
                  </option>
                  <option
                    value="JM"
                  >
                    Jamaica
                  </option>
                  <option
                    value="JP"
                  >
                    Japan
                  </option>
                  <option
                    value="JE"
                  >
                    Jersey
                  </option>
                  <option
                    value="JO"
                  >
                    Jordan
                  </option>
                  <option
                    value="KZ"
                  >
                    Kazakhstan
                  </option>
                  <option
                    value="KE"
                  >
                    Kenya
                  </option>
                  <option
                    value="KI"
                  >
                    Kiribati
                  </option>
                  <option
                    value="XK"
                  >
                    Kosovo
                  </option>
                  <option
                    value="KW"
                  >
                    Kuwait
                  </option>
                  <option
                    value="KG"
                  >
                    Kyrgyzstan
                  </option>
                  <option
                    value="LA"
                  >
                    Laos
                  </option>
                  <option
                    value="LV"
                  >
                    Latvia
                  </option>
                  <option
                    value="LB"
                  >
                    Lebanon
                  </option>
                  <option
                    value="LS"
                  >
                    Lesotho
                  </option>
                  <option
                    value="LR"
                  >
                    Liberia
                  </option>
                  <option
                    value="LY"
                  >
                    Libya
                  </option>
                  <option
                    value="LI"
                  >
                    Liechtenstein
                  </option>
                  <option
                    value="LT"
                  >
                    Lithuania
                  </option>
                  <option
                    value="LU"
                  >
                    Luxembourg
                  </option>
                  <option
                    value="MO"
                  >
                    Macao
                  </option>
                  <option
                    value="MG"
                  >
                    Madagascar
                  </option>
                  <option
                    value="MW"
                  >
                    Malawi
                  </option>
                  <option
                    value="MY"
                  >
                    Malaysia
                  </option>
                  <option
                    value="MV"
                  >
                    Maldives
                  </option>
                  <option
                    value="ML"
                  >
                    Mali
                  </option>
                  <option
                    value="MT"
                  >
                    Malta
                  </option>
                  <option
                    value="MH"
                  >
                    Marshall Islands
                  </option>
                  <option
                    value="MQ"
                  >
                    Martinique
                  </option>
                  <option
                    value="MR"
                  >
                    Mauritania
                  </option>
                  <option
                    value="MU"
                  >
                    Mauritius
                  </option>
                  <option
                    value="YT"
                  >
                    Mayotte
                  </option>
                  <option
                    value="MX"
                  >
                    Mexico
                  </option>
                  <option
                    value="MD"
                  >
                    Moldova
                  </option>
                  <option
                    value="MC"
                  >
                    Monaco
                  </option>
                  <option
                    value="MN"
                  >
                    Mongolia
                  </option>
                  <option
                    value="ME"
                  >
                    Montenegro
                  </option>
                  <option
                    value="MS"
                  >
                    Montserrat
                  </option>
                  <option
                    value="MA"
                  >
                    Morocco
                  </option>
                  <option
                    value="MZ"
                  >
                    Mozambique
                  </option>
                  <option
                    value="MM"
                  >
                    Myanmar
                  </option>
                  <option
                    value="NA"
                  >
                    Namibia
                  </option>
                  <option
                    value="NR"
                  >
                    Nauru
                  </option>
                  <option
                    value="NP"
                  >
                    Nepal
                  </option>
                  <option
                    value="NL"
                  >
                    Netherlands
                  </option>
                  <option
                    value="NC"
                  >
                    New Caledonia
                  </option>
                  <option
                    value="NZ"
                  >
                    New Zealand
                  </option>
                  <option
                    value="NI"
                  >
                    Nicaragua
                  </option>
                  <option
                    value="NE"
                  >
                    Niger
                  </option>
                  <option
                    value="NG"
                  >
                    Nigeria
                  </option>
                  <option
                    value="NU"
                  >
                    Niue
                  </option>
                  <option
                    value="NF"
                  >
                    Norfolk Island
                  </option>
                  <option
                    value="KP"
                  >
                    North Korea
                  </option>
                  <option
                    value="MK"
                  >
                    North Macedonia
                  </option>
                  <option
                    value="MP"
                  >
                    Northern Mariana Islands
                  </option>
                  <option
                    value="NO"
                  >
                    Norway
                  </option>
                  <option
                    value="OM"
                  >
                    Oman
                  </option>
                  <option
                    value="PK"
                  >
                    Pakistan
                  </option>
                  <option
                    value="PW"
                  >
                    Palau
                  </option>
                  <option
                    value="PS"
                  >
                    Palestine
                  </option>
                  <option
                    value="PA"
                  >
                    Panama
                  </option>
                  <option
                    value="PG"
                  >
                    Papua New Guinea
                  </option>
                  <option
                    value="PY"
                  >
                    Paraguay
                  </option>
                  <option
                    value="PE"
                  >
                    Peru
                  </option>
                  <option
                    value="PH"
                  >
                    Philippines
                  </option>
                  <option
                    value="PL"
                  >
                    Poland
                  </option>
                  <option
                    value="PT"
                  >
                    Portugal
                  </option>
                  <option
                    value="PR"
                  >
                    Puerto Rico
                  </option>
                  <option
                    value="QA"
                  >
                    Qatar
                  </option>
                  <option
                    value="RE"
                  >
                    Reunion
                  </option>
                  <option
                    value="RO"
                  >
                    Romania
                  </option>
                  <option
                    value="RU"
                  >
                    Russia
                  </option>
                  <option
                    value="RW"
                  >
                    Rwanda
                  </option>
                  <option
                    value="BL"
                  >
                    Saint Barthélemy
                  </option>
                  <option
                    value="SH"
                  >
                    Saint Helena
                  </option>
                  <option
                    value="KN"
                  >
                    Saint Kitts and Nevis
                  </option>
                  <option
                    value="LC"
                  >
                    Saint Lucia
                  </option>
                  <option
                    value="MF"
                  >
                    Saint Martin (French Part)
                  </option>
                  <option
                    value="PM"
                  >
                    Saint Pierre and Miquelon
                  </option>
                  <option
                    value="VC"
                  >
                    Saint Vincent and the Grenadines
                  </option>
                  <option
                    value="WS"
                  >
                    Samoa
                  </option>
                  <option
                    value="SM"
                  >
                    San Marino
                  </option>
                  <option
                    value="ST"
                  >
                    Sao Tome and Principe
                  </option>
                  <option
                    value="SA"
                  >
                    Saudi Arabia
                  </option>
                  <option
                    value="SN"
                  >
                    Senegal
                  </option>
                  <option
                    value="RS"
                  >
                    Serbia
                  </option>
                  <option
                    value="SC"
                  >
                    Seychelles
                  </option>
                  <option
                    value="SL"
                  >
                    Sierra Leone
                  </option>
                  <option
                    value="SG"
                  >
                    Singapore
                  </option>
                  <option
                    value="SX"
                  >
                    Sint Maarten
                  </option>
                  <option
                    value="SK"
                  >
                    Slovakia
                  </option>
                  <option
                    value="SI"
                  >
                    Slovenia
                  </option>
                  <option
                    value="SB"
                  >
                    Solomon Islands
                  </option>
                  <option
                    value="SO"
                  >
                    Somalia
                  </option>
                  <option
                    value="ZA"
                  >
                    South Africa
                  </option>
                  <option
                    value="KR"
                  >
                    South Korea
                  </option>
                  <option
                    value="SS"
                  >
                    South Sudan
                  </option>
                  <option
                    value="ES"
                  >
                    Spain
                  </option>
                  <option
                    value="LK"
                  >
                    Sri Lanka
                  </option>
                  <option
                    value="SD"
                  >
                    Sudan
                  </option>
                  <option
                    value="SR"
                  >
                    Suriname
                  </option>
                  <option
                    value="SJ"
                  >
                    Svalbard and Jan Mayen
                  </option>
                  <option
                    value="SZ"
                  >
                    Swaziland
                  </option>
                  <option
                    value="SE"
                  >
                    Sweden
                  </option>
                  <option
                    value="CH"
                  >
                    Switzerland
                  </option>
                  <option
                    value="SY"
                  >
                    Syria
                  </option>
                  <option
                    value="TW"
                  >
                    Taiwan
                  </option>
                  <option
                    value="TJ"
                  >
                    Tajikistan
                  </option>
                  <option
                    value="TZ"
                  >
                    Tanzania
                  </option>
                  <option
                    value="TH"
                  >
                    Thailand
                  </option>
                  <option
                    value="TL"
                  >
                    Timor-Leste
                  </option>
                  <option
                    value="TG"
                  >
                    Togo
                  </option>
                  <option
                    value="TK"
                  >
                    Tokelau
                  </option>
                  <option
                    value="TO"
                  >
                    Tonga
                  </option>
                  <option
                    value="TT"
                  >
                    Trinidad and Tobago
                  </option>
                  <option
                    value="TA"
                  >
                    Tristan da Cunha
                  </option>
                  <option
                    value="TN"
                  >
                    Tunisia
                  </option>
                  <option
                    value="TR"
                  >
                    Turkey
                  </option>
                  <option
                    value="TM"
                  >
                    Turkmenistan
                  </option>
                  <option
                    value="TC"
                  >
                    Turks and Caicos Islands
                  </option>
                  <option
                    value="TV"
                  >
                    Tuvalu
                  </option>
                  <option
                    value="UG"
                  >
                    Uganda
                  </option>
                  <option
                    value="UA"
                  >
                    Ukraine
                  </option>
                  <option
                    value="AE"
                  >
                    United Arab Emirates
                  </option>
                  <option
                    value="GB"
                  >
                    United Kingdom
                  </option>
                  <option
                    value="US"
                  >
                    United States
                  </option>
                  <option
                    value="UY"
                  >
                    Uruguay
                  </option>
                  <option
                    value="UZ"
                  >
                    Uzbekistan
                  </option>
                  <option
                    value="VU"
                  >
                    Vanuatu
                  </option>
                  <option
                    value="VE"
                  >
                    Venezuela
                  </option>
                  <option
                    value="VN"
                  >
                    Vietnam
                  </option>
                  <option
                    value="VG"
                  >
                    Virgin Islands, British
                  </option>
                  <option
                    value="VI"
                  >
                    Virgin Islands, U.S.
                  </option>
                  <option
                    value="WF"
                  >
                    Wallis and Futuna
                  </option>
                  <option
                    value="EH"
                  >
                    Western Sahara
                  </option>
                  <option
                    value="YE"
                  >
                    Yemen
                  </option>
                  <option
                    value="ZM"
                  >
                    Zambia
                  </option>
                  <option
                    value="ZW"
                  >
                    Zimbabwe
                  </option>
                </select>
                <div
                  aria-hidden="true"
                  class="PhoneInputCountryIcon PhoneInputCountryIcon--border"
                >
                  <img
                    alt="Mexico"
                    class="PhoneInputCountryIconImg"
                    src="https://purecatamphetamine.github.io/country-flag-icons/3x2/MX.svg"
                  />
                </div>
                <div
                  class="PhoneInputCountrySelectArrow"
                />
              </div>
              <input
                autocomplete="tel"
                class="PhoneInputInput"
                placeholder="Ingresa tu número de teléfono"
                type="tel"
                value="+52"
              />
            </div>
          </div>
        </div>
        <button
          class="chakra-button css-bqcyop"
          type="submit"
        >
          Agendar
        </button>
      </fieldset>
    </div>
  </form>
</DocumentFragment>
`;
