// Jest Snapshot v1, https://goo.gl/fbAQLP

exports[`Calendar Snapshot should match the snapshot 1`] = `
<DocumentFragment>
  <script
    nonce=""
  >
    ((e,s,n,m,o,l,u,h)=&gt;{let a=document.documentElement,v=["light","dark"];function p(c){(Array.isArray(e)?e:[e]).forEach(y=&gt;{let k=y==="class",S=k&&l?o.map(f=&gt;l[f]||f):o;k?(a.classList.remove(...S),a.classList.add(c)):a.setAttribute(y,c)}),C(c)}function C(c){h&&v.includes(c)&&(a.style.colorScheme=c)}function d(){return window.matchMedia("(prefers-color-scheme: dark)").matches?"dark":"light"}if(m)p(m);else try{let c=localStorage.getItem(s)||n,y=u&&c==="system"?d():c;p(y)}catch(c){}})("class","theme","system",null,["light","dark"],null,true,true)
  </script>
  <div />
  <div
    class="css-qj8tuy"
  >
    <div
      class="calendar-box css-vk4h8o"
    >
      <div
        class="css-kg7qdy"
      >
        <h2
          class="chakra-heading css-wu1q6v"
        >
          Selecciona el d√≠a
        </h2>
        <span
          class="chakra-badge css-1xfmew8"
          style="text-transform: capitalize;"
        >
          abril
        </span>
      </div>
      <div
        class="css-56tv3v"
      >
        <div
          class="css-1121gur"
        >
          Do
        </div>
        <div
          class="css-1121gur"
        >
          Lu
        </div>
        <div
          class="css-1121gur"
        >
          Ma
        </div>
        <div
          class="css-1121gur"
        >
          Mi
        </div>
        <div
          class="css-1121gur"
        >
          Ju
        </div>
        <div
          class="css-1121gur"
        >
          Vi
        </div>
        <div
          class="css-1121gur"
        >
          Sa
        </div>
      </div>
      <div
        class="css-16nmiu8"
      >
        <button
          class="chakra-button css-qa2o2z"
          disabled=""
          type="button"
        >
          13 
        </button>
        <button
          class="chakra-button css-qa2o2z"
          disabled=""
          type="button"
        >
          14 
        </button>
        <button
          class="chakra-button css-qa2o2z"
          disabled=""
          type="button"
        >
          15 
        </button>
        <button
          class="chakra-button css-qa2o2z"
          disabled=""
          type="button"
        >
          16 
        </button>
        <button
          class="chakra-button css-qa2o2z"
          disabled=""
          type="button"
        >
          17 
        </button>
        <button
          class="chakra-button css-qa2o2z"
          disabled=""
          type="button"
        >
          18 
        </button>
        <button
          class="chakra-button css-qa2o2z"
          disabled=""
          type="button"
        >
          19 
        </button>
        <button
          class="chakra-button css-qa2o2z"
          disabled=""
          type="button"
        >
          20 
        </button>
        <button
          class="chakra-button css-qa2o2z"
          disabled=""
          type="button"
        >
          21 
        </button>
        <button
          class="chakra-button css-qa2o2z"
          disabled=""
          type="button"
        >
          22 
        </button>
        <button
          class="chakra-button css-qa2o2z"
          disabled=""
          type="button"
        >
          23 
        </button>
        <button
          class="chakra-button css-r87ip0"
          disabled=""
          type="button"
        >
          24 
        </button>
        <button
          class="chakra-button css-1732jk6"
          disabled=""
          type="button"
        >
          25 
        </button>
        <button
          class="chakra-button css-1732jk6"
          disabled=""
          type="button"
        >
          26 
        </button>
        <button
          class="chakra-button css-qa2o2z"
          disabled=""
          type="button"
        >
          27 
        </button>
        <button
          class="chakra-button css-1732jk6"
          disabled=""
          type="button"
        >
          28 
        </button>
        <button
          class="chakra-button css-1732jk6"
          disabled=""
          type="button"
        >
          29 
        </button>
        <button
          class="chakra-button css-1732jk6"
          disabled=""
          type="button"
        >
          30 
        </button>
        <button
          class="chakra-button css-1732jk6"
          disabled=""
          type="button"
        >
          1 
        </button>
        <button
          class="chakra-button css-qa2o2z"
          disabled=""
          type="button"
        >
          2 
        </button>
        <button
          class="chakra-button css-qa2o2z"
          disabled=""
          type="button"
        >
          3 
        </button>
        <button
          class="chakra-button css-qa2o2z"
          disabled=""
          type="button"
        >
          4 
        </button>
        <button
          class="chakra-button css-qa2o2z"
          disabled=""
          type="button"
        >
          5 
        </button>
        <button
          class="chakra-button css-qa2o2z"
          disabled=""
          type="button"
        >
          6 
        </button>
        <button
          class="chakra-button css-qa2o2z"
          disabled=""
          type="button"
        >
          7 
        </button>
        <button
          class="chakra-button css-qa2o2z"
          disabled=""
          type="button"
        >
          8 
        </button>
        <button
          class="chakra-button css-qa2o2z"
          disabled=""
          type="button"
        >
          9 
        </button>
        <button
          class="chakra-button css-qa2o2z"
          disabled=""
          type="button"
        >
          10 
        </button>
      </div>
    </div>
  </div>
</DocumentFragment>
`;
