// Jest Snapshot v1, https://goo.gl/fbAQLP

exports[`Calendar Snapshot should match the snapshot 1`] = `
<DocumentFragment>
  <script
    nonce=""
  >
    ((e,s,n,m,o,l,u,h)=&gt;{let a=document.documentElement,v=["light","dark"];function p(c){(Array.isArray(e)?e:[e]).forEach(y=&gt;{let k=y==="class",S=k&&l?o.map(f=&gt;l[f]||f):o;k?(a.classList.remove(...S),a.classList.add(c)):a.setAttribute(y,c)}),C(c)}function C(c){h&&v.includes(c)&&(a.style.colorScheme=c)}function d(){return window.matchMedia("(prefers-color-scheme: dark)").matches?"dark":"light"}if(m)p(m);else try{let c=localStorage.getItem(s)||n,y=u&&c==="system"?d():c;p(y)}catch(c){}})("class","theme","system",null,["light","dark"],null,true,true)
  </script>
  <footer>
    <footer
      class="css-111rync"
    >
      <div
        class="chakra-container css-t10ba0"
      >
        <div
          class="css-a6cv6e"
        >
          <div
            class="css-11lq829"
          >
            <div
              class="css-1cn684i"
            >
              <img
                alt="Dynamic Image"
                height="90"
                src="/logo.png"
                width="30"
              />
              <p
                class="css-pntfz2"
              >
                Elegangster
              </p>
            </div>
            <div
              class="css-70qvj9"
            >
              <svg
                aria-hidden="true"
                class="lucide lucide-map-pin chakra-icon css-1q0syye"
                fill="none"
                focusable="false"
                height="24"
                stroke="currentColor"
                stroke-linecap="round"
                stroke-linejoin="round"
                stroke-width="2"
                viewBox="0 0 24 24"
                width="24"
                xmlns="http://www.w3.org/2000/svg"
              >
                <path
                  d="M20 10c0 4.993-5.539 10.193-7.399 11.799a1 1 0 0 1-1.202 0C9.539 20.193 4 14.993 4 10a8 8 0 0 1 16 0"
                />
                <circle
                  cx="12"
                  cy="10"
                  r="3"
                />
              </svg>
              <p
                class="css-c96f87"
              >
                Av. Real Bugambilias 286, Lomas de la Higuera
              </p>
            </div>
            <div
              class="css-8kg6q2"
            >
              <svg
                aria-hidden="true"
                class="lucide lucide-phone chakra-icon css-1q0syye"
                fill="none"
                focusable="false"
                height="24"
                stroke="currentColor"
                stroke-linecap="round"
                stroke-linejoin="round"
                stroke-width="2"
                viewBox="0 0 24 24"
                width="24"
                xmlns="http://www.w3.org/2000/svg"
              >
                <path
                  d="M22 16.92v3a2 2 0 0 1-2.18 2 19.79 19.79 0 0 1-8.63-3.07 19.5 19.5 0 0 1-6-6 19.79 19.79 0 0 1-3.07-8.67A2 2 0 0 1 4.11 2h3a2 2 0 0 1 2 1.72 12.84 12.84 0 0 0 .7 2.81 2 2 0 0 1-.45 2.11L8.09 9.91a16 16 0 0 0 6 6l1.27-1.27a2 2 0 0 1 2.11-.45 12.84 12.84 0 0 0 2.81.7A2 2 0 0 1 22 16.92z"
                />
              </svg>
              <p
                class="css-c96f87"
              >
                (312) 291-3365
              </p>
            </div>
          </div>
          <div
            class="css-17btmjg"
          >
            <p
              class="css-0"
            >
              Â© 2025 Elegangster Barber Studio. Todos los derechos reservados.
            </p>
          </div>
        </div>
      </div>
    </footer>
  </footer>
</DocumentFragment>
`;
