// Jest Snapshot v1, https://goo.gl/fbAQLP

exports[`TotalEarnings Component renders correctly with statistics and date range 1`] = `<DocumentFragment />`;
