// Jest Snapshot v1, https://goo.gl/fbAQLP

exports[`TreatmentModal Snapshot Tests should match closed modal snapshot 1`] = `
<DocumentFragment>
  <script
    nonce=""
  >
    ((e,s,n,m,o,l,u,h)=&gt;{let a=document.documentElement,v=["light","dark"];function p(c){(Array.isArray(e)?e:[e]).forEach(y=&gt;{let k=y==="class",S=k&&l?o.map(f=&gt;l[f]||f):o;k?(a.classList.remove(...S),a.classList.add(c)):a.setAttribute(y,c)}),C(c)}function C(c){h&&v.includes(c)&&(a.style.colorScheme=c)}function d(){return window.matchMedia("(prefers-color-scheme: dark)").matches?"dark":"light"}if(m)p(m);else try{let c=localStorage.getItem(s)||n,y=u&&c==="system"?d():c;p(y)}catch(c){}})("class","theme","system",null,["light","dark"],null,true,true)
  </script>
</DocumentFragment>
`;

exports[`TreatmentModal Snapshot Tests should match create mode snapshot 1`] = `
<DocumentFragment>
  <script
    nonce=""
  >
    ((e,s,n,m,o,l,u,h)=&gt;{let a=document.documentElement,v=["light","dark"];function p(c){(Array.isArray(e)?e:[e]).forEach(y=&gt;{let k=y==="class",S=k&&l?o.map(f=&gt;l[f]||f):o;k?(a.classList.remove(...S),a.classList.add(c)):a.setAttribute(y,c)}),C(c)}function C(c){h&&v.includes(c)&&(a.style.colorScheme=c)}function d(){return window.matchMedia("(prefers-color-scheme: dark)").matches?"dark":"light"}if(m)p(m);else try{let c=localStorage.getItem(s)||n,y=u&&c==="system"?d():c;p(y)}catch(c){}})("class","theme","system",null,["light","dark"],null,true,true)
  </script>
</DocumentFragment>
`;

exports[`TreatmentModal Snapshot Tests should match delete mode snapshot 1`] = `
<DocumentFragment>
  <script
    nonce=""
  >
    ((e,s,n,m,o,l,u,h)=&gt;{let a=document.documentElement,v=["light","dark"];function p(c){(Array.isArray(e)?e:[e]).forEach(y=&gt;{let k=y==="class",S=k&&l?o.map(f=&gt;l[f]||f):o;k?(a.classList.remove(...S),a.classList.add(c)):a.setAttribute(y,c)}),C(c)}function C(c){h&&v.includes(c)&&(a.style.colorScheme=c)}function d(){return window.matchMedia("(prefers-color-scheme: dark)").matches?"dark":"light"}if(m)p(m);else try{let c=localStorage.getItem(s)||n,y=u&&c==="system"?d():c;p(y)}catch(c){}})("class","theme","system",null,["light","dark"],null,true,true)
  </script>
</DocumentFragment>
`;

exports[`TreatmentModal Snapshot Tests should match edit mode snapshot 1`] = `
<DocumentFragment>
  <script
    nonce=""
  >
    ((e,s,n,m,o,l,u,h)=&gt;{let a=document.documentElement,v=["light","dark"];function p(c){(Array.isArray(e)?e:[e]).forEach(y=&gt;{let k=y==="class",S=k&&l?o.map(f=&gt;l[f]||f):o;k?(a.classList.remove(...S),a.classList.add(c)):a.setAttribute(y,c)}),C(c)}function C(c){h&&v.includes(c)&&(a.style.colorScheme=c)}function d(){return window.matchMedia("(prefers-color-scheme: dark)").matches?"dark":"light"}if(m)p(m);else try{let c=localStorage.getItem(s)||n,y=u&&c==="system"?d():c;p(y)}catch(c){}})("class","theme","system",null,["light","dark"],null,true,true)
  </script>
</DocumentFragment>
`;

exports[`TreatmentModal Snapshot Tests should match snapshot when submitting 1`] = `
<DocumentFragment>
  <script
    nonce=""
  >
    ((e,s,n,m,o,l,u,h)=&gt;{let a=document.documentElement,v=["light","dark"];function p(c){(Array.isArray(e)?e:[e]).forEach(y=&gt;{let k=y==="class",S=k&&l?o.map(f=&gt;l[f]||f):o;k?(a.classList.remove(...S),a.classList.add(c)):a.setAttribute(y,c)}),C(c)}function C(c){h&&v.includes(c)&&(a.style.colorScheme=c)}function d(){return window.matchMedia("(prefers-color-scheme: dark)").matches?"dark":"light"}if(m)p(m);else try{let c=localStorage.getItem(s)||n,y=u&&c==="system"?d():c;p(y)}catch(c){}})("class","theme","system",null,["light","dark"],null,true,true)
  </script>
</DocumentFragment>
`;

exports[`TreatmentModal Snapshot Tests should match snapshot with errors 1`] = `
<DocumentFragment>
  <script
    nonce=""
  >
    ((e,s,n,m,o,l,u,h)=&gt;{let a=document.documentElement,v=["light","dark"];function p(c){(Array.isArray(e)?e:[e]).forEach(y=&gt;{let k=y==="class",S=k&&l?o.map(f=&gt;l[f]||f):o;k?(a.classList.remove(...S),a.classList.add(c)):a.setAttribute(y,c)}),C(c)}function C(c){h&&v.includes(c)&&(a.style.colorScheme=c)}function d(){return window.matchMedia("(prefers-color-scheme: dark)").matches?"dark":"light"}if(m)p(m);else try{let c=localStorage.getItem(s)||n,y=u&&c==="system"?d():c;p(y)}catch(c){}})("class","theme","system",null,["light","dark"],null,true,true)
  </script>
</DocumentFragment>
`;
